name Городской архив
size 48 18
grid
################################################
################################################
################################################
################################################
######.....................................#####
######....###...###...###...###...###......#####
######....###...###...###...###...###......#####
######....###...###...###...###...###......#####
######....###...###...###...###...###......#####
######....###...###...###...###...###......#####
######....###...###...###...###...###......#####
######.....................................#####
######.....................................#####
####################.........###################
####################.........###################
####################.........###################
####################.........###################
################################################
objects
sign 24 13 Полки до потолка. Половина полок пуста, и пыли на них нет.
note 38 6 lists
item 14 8 half_name 1
item 26 8 ledger_page 2
chest 40 9 380 - ledger_page:3 old_coin:4 strong_tea:1
chest 8 11 320 - clerk_robe:1 ledger_page:2
spawn 14 6 archive_moth 3 5
spawn 32 8 archive_moth 3 5
spawn 24 11 archive_moth 2 4
exit 24 15 foundry 7 6
end
