name Подвесной мост в никуда
size 48 18
grid
################################################
################################################
####################,,,,,,,,,###################
################,,,,,,,,,,,,,,,,,,,#############
################,,,,,,,,,,,,,,,,,,,#############
################,,,,,,,,,,,,,,,,,,,#############
####################,,=====,,###################
######################=====#####################
######################=====#####################
######################=====#####################
######################=====#####################
######################=====#####################
######################=====#####################
####################=========###################
####################=========###################
####################=========###################
################################################
################################################
objects
sign 24 5 Мост висел через ущелье. Ущелья нет, а мост есть.
note 24 14 bridge
item 18 4 rope_end 1
chest 32 4 130 - frost_shard:1 elixir_guard:1
spawn 24 10 bridge_walker 1 2
spawn 31 4 caravan_shade 1 2
exit 24 2 glassfield 24 15
end
