name Канал Мёртвой воды
size 48 18
grid
################################################
################################################
####################,,,,,,,,,###################
####################,,,,,,,,,###################
######,,,,,#########,,,,,,,,,#########,,,,,,,###
######,,,,,#########,,,,,,,,,#########,,,,,,,###
##::::,,,,,:::::::::::::::::::::::::::,,,,,,,:##
##::::::::::::::::::::::::::::::::::::::::::::##
##::::::::::::::::::::::::::::::::::::::::::::##
##::::::::::::::::::::::::::::::::::::::::::::##
##::::::::::::::::::::::::::::::::::::::::::::##
##,,,,,,,,,,,,,,,,,,,,,,,,,,,,,,,,,,,,,,,,,,,,##
##,,,,,,,,,,,,,,,,,,,,,,,,,,,,,,,,,,,,,,,,,,,,##
##,,,,,,,,,,,,,,,,,,,,,,,,,,,,,,,,,,,,,,,,,,,,##
################################################
################################################
################################################
################################################
objects
npc 8 5 ferryman
sign 24 5 Вода не течёт и не сохнет. Ходить можно, плавать нельзя.
note 42 5 deadwater
item 16 8 ferry_token 1
item 30 9 ferry_token 1
item 12 12 ferry_token 1
chest 43 12 280 - ferry_token:2 antidote:2 strong_tea:1
spawn 20 8 canal_walker 3 5
spawn 36 9 canal_walker 3 5
spawn 28 12 city_rat 2 4
exit 24 2 halfcity 24 15
exit 44 12 counter 24 15
end
