name Пустой караван-сарай
size 48 18
grid
################################################
################################################
################################################
################################################
########.................................#######
########.................................#######
########....#######...#######...#####....#######
########....#######...#######...#####....#######
########....#######...#######...#####....#######
########.................................#######
########.................................#######
########....#######...........#######....#######
########....#######...........#######....#######
########.................................#######
########.................................#######
####################.........###################
####################.........###################
################################################
objects
sign 24 13 Двенадцать подвод распряжены. Лошадей нет.
note 20 7 caravan
item 30 9 caravan_stew 1
item 11 13 old_coin 2
item 38 5 spice_bag 1
chest 38 13 240 - caravan_stew:2 spice_bag:1 old_coin:3
chest 10 5 180 - old_coin:3 herb_potion:1
spawn 16 10 caravan_shade 3 5
spawn 33 10 caravan_shade 3 5
spawn 24 5 caravan_shade 2 4
exit 24 15 market 23 3
end
