name Барсучья пещера
size 48 18
grid
################################################
################################################
################################################
##################...###..........##############
#####........#####...###..........##############
#####........#####................##############
#####........#####...........................###
#####........#####...........................###
##......................##...................###
##......................##...................###
##......................######...............###
####...........#####.........................###
####...........#####.........................###
####...........#####...............###....######
####...........#########...........###....######
########################...........#############
################################################
################################################
objects
sign 4 9 Свод низкий, под ногами хрустит хитин.
item 10 5 glow_moss 1
item 8 13 glow_moss 1
item 27 4 glow_moss 1
item 31 14 glow_moss 1
item 12 12 torch 1
note 13 12 miner
note 38 7 proto
chest 11 4 60 - antidote:2 frost_shard:1
chest 40 14 120 - ember:1 elixir_guard:1
spawn 8 6 spider 2 4
spawn 27 5 bat 3 5
spawn 28 13 spider 3 5
spawn 20 12 bat 2 4
spawn 40 9 spider_queen 1 3
exit 2 9 forest 44 2
end
