name Кельи послушников
size 48 18
grid
################################################
################################################
################################################
####.........................................###
####..#####.#####.#####.......#####.#####....###
####..#...#.#...#.#...#.......#...#.#...#....###
####..#...#.#...#.#...#.......#...#.#...#....###
####..##.##.##.##.##.##.......##.##.##.##....###
####.........................................###
####.........................................###
####.........................................###
####.........................................###
####.........................................###
######################.....#####################
######################.....#####################
######################.....#####################
######################.....#####################
################################################
objects
sign 24 11 Двери не заперты. В каждой келье прибрано.
note 7 5 novice
note 13 5 keepsake
item 19 5 keepsake 1
item 31 5 order_draught 1
chest 37 5 400 - acolyte_hood:1 order_draught:1
spawn 24 9 cell_dweller 3 5
spawn 40 10 cell_dweller 2 4
exit 24 15 gatehouse 39 8
exit 4 12 furnace 24 15
end
