name Сердце Стяжения
size 48 18
grid
################################################
################################################
################################################
################################################
####.........................................###
####.........................................###
####..............######.######..............###
####..............######.######..............###
####.........................................###
####.........................................###
####..............######.######..............###
####..............######.######..............###
####.........................................###
####.........................................###
######################.....#####################
######################.....#####################
######################.....#####################
################################################
objects
sign 24 13 Ничего не крутится и не тикает. И всё-таки тянет.
note 7 5 cinchwork
item 41 5 heart_cog 1
chest 7 12 850 - inside_plate:1 cinch_draught:3 rune_stone:2
spawn 12 10 cinch_engine 2 4
spawn 36 10 cinch_engine 2 4
spawn 24 9 cinch_heart 1 2
exit 44 9 node1 7 8
exit 4 9 zeropoint 24 15
end
