name Башня Счетовода
size 48 18
grid
################################################
################################################
################.................###############
################.................###############
################.................###############
################.................###############
######################.....#####################
######################.....#####################
######################.....#####################
######################.....#####################
######################.....#####################
######################.....#####################
####################.........###################
##########.............................#########
##########.............................#########
##########.............................#########
####################.........###################
################################################
objects
npc 24 3 counter
sign 24 11 Лестница узкая, ветер сильный. Наверху кто-то считает вслух.
note 30 3 halves
note 18 3 counting
item 12 14 ledger_page 1
item 36 14 ledger_page 1
chest 11 14 240 - ledger_page:2 strong_tea:2
spawn 24 8 mad_clerk 2 3
spawn 34 14 mad_clerk 2 4
exit 24 15 canal 43 12
end
