name Хутор Двоеданный
size 48 18
grid
################################################
#,,,,,,,,,,,,,,,,,,,,,,,,,,,,,,,,,,,,,,,,,,,,,,#
#,,,,,,,,,,,,,,,,,,,,,,,,,,,,,,,,,,,,,,,,,,,,,,#
#,,,,,,,,,,,,,,,,,,,,,,,,,,,,,,,,,,,,,,,,,,,,,,#
#,,,,,,,,,###########,,,,,,,###########,,,,,,,,#
#,,,,,,,,,##.......##,,,,,,,##.......##,,,,,,,,#
#,,,,,,,,,##.......##,,,,,,,##.......##,,,,,,,,#
#,,,,,,,,,#####.#####,,,,,,,#####.#####,,,,,,,,#
#,.......................................,,,,,,#
#,.......................................,,,,,,#
#,.......................................,,,,,,#
#,,,,,,,,,#####.#####,,,,,,,#####.#####,,,,,,,,#
#,,,,,,,,,##.......##,,,,,,,##.......##,,,,,,,,#
#,,,,,,,,,##.......##,,,,,,,##.......##,,,,,,,,#
#,,,,,,,,,###########,,,,,,,###########,,,,,,,,#
#,,,,,,,,,,,,,,,,,,,,,,,,,,,,,,,,,,,,,,,,,,,,,,#
#,,,,,,,,,,,,,,,,,,,,,,,,,,,,,,,,,,,,,,,,,,,,,,#
################################################
objects
npc 15 6 prohor_l
npc 15 12 prohor_r
sign 24 9 Межа посреди хутора. По обе стороны всё одинаковое.
note 33 5 prohor
item 33 12 bread 2
chest 40 9 170 - salve:2 old_coin:2
spawn 44 12 stray 1 3
exit 2 9 market 44 9
end
