name Чертёжный зал
size 48 18
grid
################################################
################################################
################################################
################################################
######.....................................#####
######.....................................#####
######..........#######...#######..........#####
######..........#################..........#####
######..........#################..........#####
######..........#################..........#####
######.....................................#####
######.....................................#####
######.....................................#####
######################.....#####################
######################.....#####################
######################.....#####################
######################.....#####################
################################################
objects
npc 24 5 draftsman
sign 24 11 На столе лист во весь стол, и лист порван.
note 8 5 charts
item 10 11 chart_piece 1
item 40 5 chart_piece 1
chest 40 11 500 - chart_piece:1 order_draught:2
spawn 12 8 draft_shade 3 5
spawn 36 8 draft_shade 3 5
exit 24 15 library 6 4
exit 42 4 refusalhall 24 15
end
