name Пустая Ольховка
size 48 18
grid
################################################
#,,,,,,,,,,,,,,,,,,,,,,,,,,,,,,,,,,,,,,,,,,,,,,#
#,,#######,,,,,,,,,,,,,,,,,,,,,,,,,#######,,,,,#
#,,#######,,,,,,,,,,,,,,,,,,,,,,,,,#######,,,,,#
#,,#######,,,,,,,,,,,,,,,,,,,,,,,,,#######,,,,,#
#,,,,,,,,,,,,,,,,,,,,,,,,,,,,,,,,,,,,,,,,,,,,,,#
#,,,,,,,,,,,,,,,,,,,,,,,,,,,,,,,,,,,,,,,,,,,,,,#
#==============================================#
#==============================================#
#,,,,,,,,,,,,,,,,,,,,,,,,,,,,,,,,,,,,,,,,,,,,,,#
#,,,,,,,,,,,,,,,,~~~~~,,,,,,,,,,,,,,,,,,,,,,,,,#
#,,#######,,,,,,,~~~~~,,,,,,,,,,,,,#######,,,,,#
#,,#######,,,,,,,~~~~~,,,,#####,,,,#######,,,,,#
#,,#######,,,,,,,,,,,,,,,,#...#,,,,#######,,,,,#
#,,,,,,,,,,,,,,,,,,,,,,,,,##.##,,,,,,,,,,,,,,,,#
#,,,,,,TTT,,,,,,,,,,,,,,,,,,,,,TTT,,,,,,,,,,,,,#
#,,,,,,,,,,,,,,,,,,,,,,,,,,,,,,,,,,,,,,,,,,,,,,#
################################################
objects
sign 12 6 Ольховка. Дом в дом, ставня в ставню. Ни одного человека.
sign 27 15 Дом стоит там, где в настоящей Ольховке пустырь.
note 24 6 houses
item 28 13 own_key 1
chest 11 9 660 - still_water:2 whetstone:1 elixir_guard:1
spawn 14 3 own_copy 1 2
spawn 34 13 own_copy 1 2
exit 24 15 otherhalf 15 13
end
