name Улица без конца
size 48 18
grid
################################################
################################################
################################################
################################################
################################################
##########.....#####################.....#######
##########.....#####################.....#######
##########.....#####################.....#######
##............................................##
##............................................##
##............................................##
########################.....###################
########################.....###################
########################.....###################
################################################
################################################
################################################
################################################
objects
sign 6 9 Кольцевая улица. Она прямая. Восемьсот сорок шагов.
note 26 12 endless
item 12 6 ledger_page 1
chest 38 6 220 - strong_tea:1 old_coin:3
spawn 20 9 mad_clerk 3 5
spawn 33 9 mad_clerk 2 4
exit 2 9 halfcity 5 2
exit 45 9 endless 3 9
end
