name Развязка
size 48 18
grid
################################################
################################################
################################################
################################################
################################################
##############.....................#############
##############.....................#############
##############.....................#############
##############.........###.........#############
##############.........###.........#############
##############.....................#############
##############.....................#############
##############.....................#############
######################.....#####################
######################.....#####################
######################.....#####################
######################.....#####################
################################################
objects
npc 20 6 master_end
sign 24 11 Камень, лист, кольцо сверху. Три строки, и все три разборчивы.
note 24 7 threeways
chest 32 11 1000 - cinch_draught:3 rune_stone:3 portal_stone:2
exit 24 15 zeropoint 11 8
end
