name Первый Шов
size 48 18
grid
################################################
################################################
################################################
####.........................................###
####.........................................###
####.........................................###
####.........................................###
####.........................................###
######################.....#####################
######################.....#####################
####.........................................###
####.........................................###
####.........................................###
####.........................................###
####.........................................###
######################.....#####################
######################.....#####################
################################################
objects
npc 24 9 seamwatch
sign 24 12 Два края сходятся и не срастаются. Между ними ничего, и по этому ничему ходят.
note 8 5 oldseam
item 40 4 cinch_draught 1
chest 40 13 720 - line_dust:2 cinch_draught:2 rune_stone:1
spawn 12 5 seam_moth 3 5
spawn 36 12 seam_moth 2 4
exit 24 15 edge 24 14
exit 4 5 gallery 44 9
end
