name Ольховый лес
size 48 18
grid
################################################
#TTTT,,,,,,,,TTT,,,,,,,,,,TT,,,,,,,,,,,,TTTTT,,#
#,,,,,,,,,,TT,,,,,,,,,,,,,,,,,,,,,TTT,,,,,,,,,,#
#,,,TTT,,,,,,,,,,,,,,,,,TT,,,,,,,,,,,,,TTT,,,,,#
#,,,,,,,,,,,,,,,,,,,,,,,,,,,,,,,,,,,,,,,,,,,,,,#
#,,,,,,TTT,,,,,,,,,,,,,,,,TTTT,,,,,,,,,,,,,TTT,#
#,,,,,,,,,,,,,,TT,,,,,,,,,,,,TT,,,,,,,,,,,,,,,,#
#,,,,TTT,,,,,,,,,,,,,,,,,,,,TTT,,,,,,,,,,,,,,,,#
#,,,,,,,,,,,,,,,,,,,,,,,,,,,,,,,,,,,,,,,,,,,,,,#
#,,,,,,,,TT,,,,,,,,,,,,,TTT,,,,,,,,,,,TT,,,,,,,#
#,,,,,,,,,,,,,,,,,,~~~~~~,,,,,,,,,,,,,,,,,,,,,,#
#,,,,,TTT,,,,,,,,,,~~~~~~,,,,,,,,,TT,,,,,,,,,,,#
#,,,,,,,,,,,,,,,,,,~~~~~~,,,,,,,,,,,,,TTT,,,,,,#
#,,,,,,,,,,TTT,,,,,,,,,,,,,,,,,,TT,,,,,,,,,,,,,#
#,,,,,,,,,,,,,,,,,,,,,,,,,,,,,,,,,,,,,,,,,,,,,,#
#,,,,,,TTTT,,,,,,,,,,,,,,TTT,,,,,,,,,,,TTTT,,,,#
#,,,,,,,,,,,,,,,,TT,,,,,,,,,,,,,,,,,,,,,,,,,TT,#
################################################
objects
npc 24 4 hermit
sign 4 8 Тропа на запад ведёт обратно в Ольховку.
item 8 13 herb_potion 1
item 41 2 dagger 1
item 33 16 bread 1
item 15 4 torch 1
spawn 12 6 wolf 3 5
spawn 30 11 wolf 3 5
spawn 20 14 wolf 2 4
spawn 36 4 bandit 2 4
spawn 41 13 wolf_alpha 1 3
exit 1 8 village 45 8
end
