name Литейный двор
size 48 18
grid
################################################
################################################
####################.........###################
####################.........###################
####################.........###################
######.....................................#####
######.....................................#####
######........#######.......#######........#####
######........#######.......#######........#####
######........#######.......#######........#####
######........#######.......#######........#####
######.....................................#####
######.....................................#####
########.............###############.......#####
########.............###############.......#####
########.............###############.......#####
################################################
################################################
objects
npc 24 6 founder
npc 8 7 scribe
sign 24 4 Жар слышно за квартал. Летку не закрывают.
sign 7 5 Дверь архива. На ступенях сидит писарь и смотрит на неё.
note 40 14 foundry
item 10 14 scrap_iron 2
item 38 6 scrap_iron 1
item 8 11 scrap_iron 1
chest 41 11 300 - scrap_iron:3 ember:1 strong_tea:1
spawn 10 8 slag_thing 3 5
spawn 38 9 slag_thing 3 5
spawn 14 14 slag_thing 2 3
spawn 40 14 slag_master 1 2
exit 24 3 halfcity 5 16
exit 6 6 archive 24 15 key=archive_key deny=Дверь архива заперта. Феофан говорил, что ключ у смотрителя — и что тот его не отдаст.
end
