name Печь Ордена
size 48 18
grid
################################################
################################################
################################################
################################################
################################################
########.................................#######
########............####.####............#######
########............#########............#######
########............#########............#######
########............#########............#######
########............#########............#######
########.................................#######
########.................................#######
######################.....#####################
######################.....#####################
######################.....#####################
######################.....#####################
################################################
objects
npc 18 8 stoker
sign 24 11 Печь тёплая, хотя её не топят двести лет.
note 38 6 ovens
item 10 11 furnace_ash 2
chest 38 11 480 - furnace_ash:3 ember:2 order_draught:1
spawn 12 7 furnace_born 2 4
spawn 34 9 furnace_born 2 4
exit 24 15 cells 5 12
end
