name Галерея Линий
size 48 18
grid
################################################
################################################
################################################
###...........................................##
###...##############...#########...########...##
###...........................................##
###...........................................##
###...##############...#########...########...##
###...........................................##
###...........................................##
###...##############...#########...########...##
###...........................................##
###...........................................##
###...##############...#########...########...##
###...........................................##
######################.....#####################
######################.....#####################
################################################
objects
npc 21 8 surveyor
sign 24 14 Смотри мимо — увидишь. Смотри прямо — стена.
note 5 6 readlines
item 44 5 line_thread 1
chest 44 12 740 - line_thread:2 line_dust:2 cinch_draught:1
spawn 33 5 line_walker 3 5
spawn 10 11 line_walker 2 4
exit 44 9 firstseam 5 5
exit 3 3 measures 24 15
exit 3 14 meeting 24 15
end
