name Привратная
size 48 18
grid
################################################
################################################
################################################
################################################
##########...........#######...........#########
##########...........#######...........#########
##########...........#######...........#########
##########...........#######...........#########
######.....................................#####
######.....................................#####
######.....................................#####
######.....................................#####
######.....................................#####
######################.....#####################
######################.....#####################
######################.....#####################
######################.....#####################
################################################
objects
npc 24 11 gatekeeper
sign 24 9 Алебарды стоят в козлах. Ни одна не тронута.
note 12 6 watchwrit
item 36 6 scrap_iron 2
chest 18 5 380 - order_draught:2 whetstone:1
spawn 8 10 gate_guard 2 4
spawn 40 10 acolyte 2 4
exit 24 15 ordergate 24 5
exit 8 8 library 24 15
exit 40 8 cells 24 15
end
