name Стеклянное поле
size 48 18
grid
################################################
#,,,,,,,,,,,,,,,,,,,,,,,,,,,,,,,,,,,,,,,,,,,,,,#
#,,,,,,,,,,,,,,,,,,,#####,,,,,,,,,,,,,,,,,,,,,,#
#,,,,,####,,,,,,,,,,,,,,,,,,,,,,,,,,,,,,,,,,,,,#
#,,,,,,,,,,,,,,,,,,,,,,,,,,,,,,,,,####,,,,,,,,,#
#,,,,,,,,,,,,,,,,,,,,,,,,,,,,,,,,,,,,,,,,,,,,,,#
#,,,,,,,,,,,,,,,,,,,,,,,,,,,,,,,,,,,,,,,,,,,,,,#
#,,,,,,,,,,,,,,,,,#######,,,,,...............,,#
#,...........,,,,,#######,,,,,...............,,#
#,...........,,,,,#######,,,,,...............,,#
#,...........,,,,,,,,,,,,,,,,,...............,,#
#,,,,,,,,,,,,,,,,,,,,,,,,,,,,,,,,,,,,,,,###,,,,#
#,,,,,,,,,,,,,,,,,,,,,,,,,,,,,,,,,,,,,,,,,,,,,,#
#,,,,,,,,,,,,,,,,,,,,,,,,,,,####,,,,,,,,,,,,,,,#
#,,,,,,,,,#####,,,,,,,,,,,,,,,,,,,,,,,,,,,,,,,,#
#,,,,,,,,,,,,,,,,,,,,,,,,,,,,,,,,,,,,,,,,,,,,,,#
#,,,,,,,,,,,,,,,,,,,,,,,,,,,,,,,,,,,,,,,,,,,,,,#
################################################
objects
npc 14 9 glazier
sign 5 9 Земля здесь спеклась за одну ночь. И не от огня.
note 25 5 glass
item 8 12 glass_shard 1
item 31 3 glass_shard 1
item 43 14 glass_shard 1
item 16 15 old_coin 1
chest 42 3 140 - glass_dust:1 antidote:2
spawn 10 5 glass_hound 3 5
spawn 36 13 glass_hound 3 5
spawn 24 12 glass_hound 2 4
exit 2 9 goatpath 8 5
exit 45 9 market 3 9
exit 24 16 bridge 24 3
end
