name Козья тропа
size 48 18
grid
################################################
################################################
################################################
################################################
######,,,,,#############################,,,,,###
######,,,,,#############################,,,,,###
######,,,,,#####################,,,#####,,,,,###
######,,,,,#####################,,,#####,,,,,###
######,,,,,###,,,###############,,,#####,,,,,###
######,,,,,###,,,#########,,,,,,,,,,,,,,,,,,,###
######,,,,,,,,,,,,,,,,,,,,,,,,,,,,,,,,,,,,,,,###
######,,,,,,,,,,,,,,,,,,,,,,,,,,,,,,,,,,,,,,,###
######,,,,,,,,,,,,,,,,,,,,,,,,,,,,,,,,,,,,,,,###
######################,,,,,#####################
######################,,,,,#####################
######################,,,,,#####################
######################,,,,,#####################
################################################
objects
sign 24 14 Тропа круче, чем помнится. Перевал всё не кончается.
note 15 9 goat
item 33 7 old_coin 1
item 9 5 bread 1
chest 15 8 80 - herb_potion:2 old_coin:1
spawn 12 11 stray 2 4
spawn 30 11 stray 2 4
spawn 42 7 mill_rat 2 3
exit 24 16 forest 10 2
exit 7 4 glassfield 3 9
exit 42 4 mill 24 15
end
