name Могила Первого Мастера
size 48 18
grid
################################################
################################################
################################################
################################################
##########.............................#########
##########.............................#########
##########............#####............#########
##########............#####............#########
##########............#####............#########
##########............##.##............#########
##########.............................#########
##########.............................#########
##########.............................#########
######################.....#####################
######################.....#####################
######################.....#####################
######################.....#####################
################################################
objects
sign 24 11 Камень стоит, могила пустая. Надпись дописана углём.
note 24 10 emptygrave
item 12 5 rune_stone 1
chest 36 11 640 - order_draught:3 rune_stone:2 node_core:1
spawn 24 5 master_shadow 1 2
exit 24 15 node3 9 12
end
