name Ольховский погост
size 48 18
grid
################################################
#,,,,,,,,,,,,,,,,,,,,,,,,,,,,,,,,,,,,,,,,,,,,,,#
#,,,,,,,,,,,,,,,,,,,,,,,,,,,,,,,,,,,,,,,,,,,,,,#
#,,,,,,,TTT,,,,,,,,,,,,,,,,,,,,,,,,,,,,,,,,,,,,#
#,,,,,,,,,,,,,,,,,,,,,,,,,,,,,,,,,,,,,,,,###,,,#
#,,,,,,,,,#,,,#,,,#,,,#,,,#,,,#,,,#,,,#,,#.#,,,#
#,,,,,,,,,,,,,,,,,,,,,,,,,,,,,,,,,,,,,,,,#.#,,,#
#,,,,,,,,,,,,,,,,,,,,,,,,,,,,,,,,,,,,,,,,,.,,,,#
#,============================================,#
#,============================================,#
#,,,,,,,,,,,,,,,,,,,,,,,,,,,,,,,,,,,,,,,,,,,,,,#
#,,,,,,,,,,,,,,,,,,,,,,,,,,,,,,,,,,,,,,,,,,,,,,#
#,,,#####,#,,,#,,,#,,,#,,,#,,,#,,,#,,,#,,,,,,,,#
#,,,#...#,,,,,,,,,,,,,,,,,,,,,,,,,,,,,,,,,,,,,,#
#,,,##.##,,,,,,,,,,,,,,,,,,,,,,,,,,,,,,,,,,,,,,#
#,,,,,,,,,,,,,,,,,,,,,,,,,,,,,TTTT,,,,,,,,,,,,,#
#,,,,,,,,,,,,,,,,,,,,,,,,,,,,,,,,,,,,,,,,,,,,,,#
################################################
objects
sign 24 10 Ольховский погост. Ограда низкая, калитка не запирается.
sign 40 7 Три камня стоят отдельно, и тёсаны они не здешней рукой.
note 42 5 graves
note 5 13 sexton
item 12 15 bread 1
chest 7 13 60 - grave_list:1 salve:1 torch:2
spawn 16 4 barrow_shade 2 4
spawn 34 13 barrow_shade 2 4
spawn 20 15 rat 2 4
exit 45 9 village 2 8
exit 2 9 swamp 44 9 quest=swamproot:1 deny=Дальше дороги нет, одна топь. Лада про неё говорила недоброе.
end
