name Роща, где не темнеет
size 48 18
grid
################################################
#,,,,,,,,,,,,,,,,,,,,,,,,,,,,,,,,,,,,,,,,,,,,,,#
#,,,,,,,,,,,,,,,,,,,,,,,,,,,,,,,,,,,,,,,,,,,,,,#
#,,,,,,,,,,,,,,,,,,,,,,,,,,,,,,,,,,,,,,,,,,,,,,#
#,,,,,TT,,,,TT,,,,TT,,,,TT,,,,TT,,,,TT,,,,TT,,,#
#,,,,,,,,,,,,,,,,,,,,,,,,,,,,,,,,,,,,,,,,,,,,,,#
#,,,,,,,,,,,,,,,,,,,,,,,,,,,,,,,,,,,,,,,,,,,,,,#
#,,,,,TT,,,,TT,,,,TT,,,,TT,,,,TT,,,,TT,,,,TT,,,#
#,,,,,,,,,,,,,,,,,,,,,,,,,,,,,,,,,,,,,,,,,,,,,,#
#,,,,,,,,,,,,,,,,,,,,,,,,,,,,,,,,,,,,,,,,,,,,,,#
#,,,,,TT,,,,TT,,,,TT,,,,,,,,,,TT,,,,TT,,,,TT,,,#
#,,,,,,,,,,,,,,,,,,,,,,,,,,,,,,,,,,,,,,,,,,,,,,#
#,,,,,,,,,,,,,,,,,,,,,,,,,,,,,,,,,,,,,,,,,,,,,,#
#,,,,,TT,,,,TT,,,,TT,,,,TT,,,,TT,,,,TT,,,,TT,,,#
#,,,,,,,,,,,,,,,,,,,,,,,,,,,,,,,,,,,,,,,,,,,,,,#
#,,,,,,,,,,,,,,,,,,,,,,,,,,,,,,,,,,,,,,,,,,,,,,#
#,,,,,,,,,,,,,,,,,,,,,,,,,,,,,,,,,,,,,,,,,,,,,,#
################################################
objects
npc 24 9 grovekeeper
sign 24 11 Свет ровный и не меняется. Тени стоят на месте.
note 22 5 marks
item 40 5 grove_leaf 2
chest 8 13 540 - grove_leaf:2 still_water:1 elixir_haste:1
spawn 14 12 grove_sleeper 2 4
spawn 34 12 grove_sleeper 2 4
exit 45 9 well 4 8
exit 2 6 battlefield 44 12
end
