name Половина Города
size 48 18
grid
################################################
################################################
##...........................###################
##...........................###################
##....#######...#######......###################
##....##...##...##...##......###################
##....##...##...##...##......###################
##....###.###...###.###......###################
##...........................###################
##...........................###################
##....###.###...#######......###################
##....##...##...#######......###################
##....##...##...#######......###################
##....##...##...#######......###################
##....#######...#######......###################
##...........................###################
##...........................###################
################################################
objects
npc 14 9 survivor
sign 27 9 Мостовая обрывается ровно, как ножом. Дальше не развалины — дальше ничего.
note 9 6 cityhalf
note 19 6 lastclerk
item 26 5 city_brick 1
item 26 13 scrap_iron 1
chest 9 12 260 - strong_tea:1 scrap_iron:2 ledger_page:1
spawn 14 3 city_rat 3 4
spawn 14 15 city_rat 3 4
spawn 26 7 cut_man 2 3
spawn 27 15 half_warden 1 2
exit 24 2 market 23 15
exit 4 2 endless 3 9
exit 4 16 foundry 24 3
exit 24 16 canal 24 2
end
