name Библиотека Ордена
size 48 18
grid
################################################
################################################
################################################
####.........................................###
####....###...###...###...###...###...###....###
####....###...###...###...###...###...###....###
####....###...###...###...###...###...###....###
####....###...###...###...###...###...###....###
####....###...###...###...###...###...###....###
####....###...###...###...###...###...###....###
####....###...###...###...###...###...###....###
####.........................................###
####.........................................###
######################.....#####################
######################.....#####################
######################.....#####################
######################.....#####################
################################################
objects
npc 6 6 librarian
sign 24 12 Полки до свода. Одна лампа. Пыли нет.
note 36 6 read
note 12 8 unsealed
item 24 6 torn_page 2
item 42 5 torn_page 1
chest 43 11 460 - order_draught:2 torn_page:2 strong_tea:1
spawn 17 7 page_swarm 3 5
spawn 35 8 page_swarm 3 5
spawn 24 11 acolyte 2 4
exit 24 15 gatehouse 9 8
exit 4 3 drafting 24 15
end
