name Рынок Шва
size 48 18
grid
################################################
#,,,,,,,,,,,,,,,,,,,,,,,,,,,,,,,,,,,,,,,,,,,,,,#
#,,,,,,,,,,,,,,,,,,,=======,,,,,,,,,,,,,,,,,,,,#
#,,,,,,,,,,,,,,,,,,,=======,,,,,,,,,,,,,,,,,,,,#
#,,,,,,,,,,,,,,,,,,,=======,,,,,,,,,,,,,,,,,,,,#
#,,,,,##############=======##############,,,,,,#
#,,,,,,,,,,,,,,,,,,,=======,,,,,,,,,,,,,,,,,,,,#
#,,,,,,,,,,,,,,,,,,,=======,,,,,,,,,,,,,,,,,,,,#
#,.....#############=======#############.......#
#,.....,,,,,,,,,,,,,=======,,,,,,,,,,,,,.......#
#,.....,,,,,,,,,,,,,=======,,,,,,,,,,,,,.......#
#,,,,,##############=======##############,,,,,,#
#,,,,,,,,,,,,,,,,,,,=======,,,,,,,,,,,,,,,,,,,,#
#,,,,,,,,,,,,,,,,,,,=======,,,,,,,,,,,,,,,,,,,,#
#,,,,,,,,,,,,,,,,,,,=======,,,,,,,,,,,,,,,,,,,,#
#,,,,,,,,,,,,,,,,,,,=======,,,,,,,,,,,,,,,,,,,,#
#,,,,,,,,,,,,,,,,,,,=======,,,,,,,,,,,,,,,,,,,,#
################################################
objects
npc 23 9 warden
sign 23 12 Уложение Рынка: у товара не спрашивают года, у человека — лоскута.
note 23 4 market
item 8 6 old_coin 1
item 38 12 spice_bag 1
chest 8 12 160 - caravan_stew:2 old_coin:2
chest 38 6 190 - trader_hood:1 herb_potion:2
spawn 12 14 stray 2 4
spawn 34 14 stray 2 4
exit 2 9 glassfield 44 9
exit 23 2 caravanserai 24 15
exit 45 9 doubled 3 9
end
