name Дрейфующий луг
size 48 18
grid
################################################
#,,,,,,,,,,,,,,,,,,,,,,,,,,,,,,,,,,,,,,,,,,,,,,#
#,,,,,,,,,,,,,,,,,,,,,,,,,,,,,,,,,,,,,,,,,,,,,,#
#,,,,,,,,,,,,,,,,,,,,,,,,,,,,,,,,,,,,,,,,,,,,,,#
#,,,,,,,TTT,,,,,,,,,,,,,,,,,,,,,,,,,,,,,,,,,,,,#
#,,,,,,,,,,,,,,,,,,,,,,,,,,,,,,,,TTTT,,,,,,,,,,#
#,,,,,,,,,,,,,,,,,,,,,,,,,,,,,,,,,,,,,,,,,,,,,,#
#,,,,,,,,,,,,,,,,,,,=========,,,,,,,,,,,,,,,,,,#
#,,,,,,,,,,,,,,,,,,,=========,,,,,,,,,,,,,,,,,,#
#,,,,,,,,,,,,,,,,,,,=========,,,,,,,,,,,,,,,,,,#
#,,,,,,,,,,,,,,,,,,,,,,,,,,,,,,,,,,,,,,,,,,,,,,#
#,,,,,,,,,,,,,,,,,,,,,,,,,,,,,,,,,,,,,,,,,,,,,,#
#,,,,,,,,,,,,,TTTTT,,,,,,,,,,,,,,,,,,TTT,,,,,,,#
#,,,,,,,,,,,,,,,,,,,,,,,,,,,,,,,,,,,,,,,,,,,,,,#
#,,,,,,,,,,,,,,,,,,,,,,,,,,,,,,,,,,,,,,,,,,,,,,#
#,,,,,,,,,,,,,,,,,,,,,,,,,,,,,,,,,,,,,,,,,,,,,,#
#,,,,,,,,,,,,,,,,,,,,,,,,,,,,,,,,,,,,,,,,,,,,,,#
################################################
objects
sign 24 10 Облака идут в одну сторону, тени от них — в другую.
note 6 8 drift
item 42 3 drift_grass 2
chest 42 14 520 - drift_grass:2 still_water:1 bread:2
spawn 12 6 drift_hare 3 5
spawn 36 9 drift_hare 2 4
spawn 24 13 cart_shade 2 4
exit 24 15 node3 24 5
exit 4 8 farhouse 44 9
exit 44 6 upstair 4 14
end
