name Комната Измерений
size 48 18
grid
################################################
################################################
################################################
################################################
########.................................#######
########.................................#######
########......##########.##########......#######
########.................................#######
########.................................#######
########.................................#######
########......##########.##########......#######
########.................................#######
########.................................#######
######################.....#####################
######################.....#####################
######################.....#####################
######################.....#####################
################################################
objects
sign 24 12 Полки пусты, и всё-таки на них что-то лежит.
note 10 5 roomrule
item 24 8 measure 1
item 38 5 line_dust 2
chest 38 11 760 - cinch_draught:2 rune_stone:2 elixir_might:1
spawn 12 8 measure_thing 2 3
spawn 36 8 measure_thing 1 3
exit 24 15 gallery 4 4
end
