name Встреча
size 48 18
grid
################################################
################################################
################################################
######################.....#####################
######################.....#####################
######.....................................#####
######.....................................#####
######..............####.####..............#####
######..............####.####..............#####
######..............####.####..............#####
######..............####.####..............#####
######.....................................#####
######.....................................#####
######################.....#####################
######################.....#####################
######################.....#####################
######################.....#####################
################################################
objects
npc 22 4 master
sign 24 12 Пол вытерт до блеска ровно на два шага. Кто-то тут ходил взад-вперёд очень долго.
note 8 6 walkers
item 40 6 cinch_draught 1
chest 40 11 780 - walk_staff:1 line_dust:3 cinch_draught:1
exit 24 15 gallery 4 13
exit 24 4 node1 24 15 quest=remembers:100 deny=Старик стоит на дороге и не двигается. Пока не выслушаешь — не пройдёшь.
end
