name Узел Первый
size 48 18
grid
################################################
################################################
################################################
################################################
######.....................................#####
######.....................................#####
######..........####.#######.####..........#####
######..........####.#######.####..........#####
######.....................................#####
######..........####.#######.####..........#####
######..........####.#######.####..........#####
######.....................................#####
######.....................................#####
######################.....#####################
######################.....#####################
######################.....#####################
######################.....#####################
################################################
objects
sign 24 12 С него всё началось. Он об этом не знает.
note 8 5 firstnode
item 40 5 line_thread 1
chest 40 11 800 - first_ring:1 rune_stone:2 cinch_draught:2
spawn 10 10 first_guard 2 3
spawn 38 8 first_guard 2 3
exit 24 15 meeting 24 5
exit 6 8 cinchheart 44 9
end
