name Узел Третий
size 48 18
grid
################################################
################################################
################################################
################################################
########.................................#######
########..........####.....####..........#######
########..........####.....####..........#######
########..........####.....####..........#######
########.................................#######
########..........####.....####..........#######
########..........####.....####..........#######
########..........####.....####..........#######
########.................................#######
######################.....#####################
######################.....#####################
######################.....#####################
######################.....#####################
################################################
objects
sign 24 12 Кольцо узла разомкнуто. Через разрыв тянет сквозняком.
note 10 5 thirdnode
item 38 5 node_core 1
chest 10 11 540 - portal_stone:1 order_draught:2
spawn 12 8 node_guard 2 4
spawn 36 9 node_guard 2 4
exit 24 15 node2 37 4
exit 8 12 grave 24 15
end
