name Узел Второй
size 48 18
grid
################################################
################################################
################################################
################################################
##########.............................#########
##########.............................#########
##########..........####.####..........#########
##########..........####.####..........#########
##########..........####.####..........#########
##########..........####.####..........#########
##########..........####.####..........#########
##########.............................#########
##########.............................#########
######################.....#####################
######################.....#####################
######################.....#####################
######################.....#####################
################################################
objects
sign 24 11 Здесь что-то тянет в другую сторону. Ровно с той же силой.
note 12 5 secondnode
item 36 5 node_core 1
chest 36 11 560 - node_shield:1 order_draught:2
spawn 14 8 node_guard 2 3
spawn 34 8 node_guard 2 3
spawn 24 8 node_heart 1 2
exit 24 15 refusalhall 7 4
exit 38 4 node3 24 15
end
