name Ворота Ордена
size 48 18
grid
################################################
################################################
################################################
################################################
####################.........###################
############.......#.........#.......###########
############.......#.........#.......###########
############.......#.........#.......###########
############.......#.........#.......###########
########.................................#######
########.................................#######
########.................................#######
########.................................#######
########.................................#######
######################.....#####################
######################.....#####################
######################.....#####################
################################################
objects
sign 24 12 На створке вычеканен узел. Замочной скважины нет — есть углубление по печати.
note 15 6 gates
item 34 6 order_draught 1
chest 35 12 420 - order_draught:2 rune_stone:1
spawn 14 11 gate_guard 2 4
spawn 34 11 gate_guard 2 4
exit 24 15 counter 36 14
exit 24 4 gatehouse 24 15
end
