name Вторая Половина Города
size 48 18
grid
################################################
################################################
##############................................##
##############................................##
##############......#####...#####...#####.....##
##############......#####...#####...#####.....##
##############......##.##...##.##...##.##.....##
##############................................##
##############================================##
##############================================##
##############................................##
##############......##.##...##.##...##.##.....##
##############......#####...#####...#####.....##
##############......#####...#####...#####.....##
##############................................##
##############................................##
################################################
################################################
objects
npc 15 8 halfscribe
sign 16 10 Улица кончается ровно здесь. Дальше четыре шага и всё небо.
note 17 5 otherside
item 43 12 still_water 1
chest 43 4 620 - whetstone:1 still_water:2 clerk_robe:1
spawn 26 3 other_rat 3 5
spawn 34 14 other_rat 2 4
exit 44 13 battlefield 3 8
exit 14 13 emptyalder 24 15
exit 44 3 homepath 4 9
end
