name Зал Отказа
size 48 18
grid
################################################
################################################
################################################
################################################
######.....................................#####
######.....................................#####
######.....................................#####
######........##########.##########........#####
######........#####################........#####
######........#####################........#####
######.....................................#####
######.....................................#####
######.....................................#####
######################.....#####################
######################.....#####################
######################.....#####################
######################.....#####################
################################################
objects
npc 24 6 recorder
sign 24 11 Одиннадцать мест по одну сторону, одно по другую. Оно пустое.
note 8 5 refusal
item 40 5 order_draught 1
chest 40 11 520 - order_draught:2 rune_stone:1 strong_tea:1
spawn 10 10 refusal_echo 2 4
spawn 38 8 refusal_echo 2 4
exit 24 15 drafting 41 4
exit 6 4 node2 24 15
end
