name Развалины заставы
size 48 18
grid
################################################
#,,,,,,,,,,,,,,,,,,,,,,,,,,,,,,,,,,,,,,,,,,,,,,#
#,TTT,,,,,,,,,,,,,,,,,,,,,,,,,,,,,,,,,,,,,,TTT,#
#,,,,,,,,,,,,,,,,,,,,,,,,,,,,,,,,,,,,,,,,,,,,,,#
#,,,,,######...######,,,,,,,,,,,,,,,,,,,,,,,,,,#
#,,,,,#.............#,,,,,...............,,,,,,#
#,,,,,#..###........#,,,,,...............,,,,,,#
#,,,,,#..###........#,,,,,...............,,,,,,#
#,,,,,...###..................####.............#
#,,,,,........................####.............#
#,,,,,#.............#,,,,,....####.............#
#,,,,,#.............#,,,,,...............,,,,,,#
#,,,,,###############,,,,,...............,,,,,,#
#,,,,,,,,,,,,,,,,,,,,,,,,,...............,,,,,,#
#,,,,,,,,,,,,,,,,,,,,,,,,,,,,,,,,,,,,,,,,,,,,,,#
#,TTTT,,,,,,,,,,TTT,,,,,,,,,,,,,,,,,,,,,,,,,,,,#
#,,,,,,,,,,,,,,,,,,,,,,,,,,,,,TTT,,,,,,,,,,,,,,#
################################################
objects
sign 24 5 Застава сожжена давно. Сейчас тут живут не солдаты.
item 8 10 bread 2
item 38 6 whetstone 1
chest 18 10 90 - elixir_might:1 ember:1
chest 34 12 300 rusty_key plate_armor:1 rune_stone:1
spawn 12 9 brigand 3 4
spawn 30 6 brigand 3 5
spawn 37 11 brigand 2 4
spawn 44 9 bandit_chief 1 2
exit 24 2 forest 24 15
exit 46 9 sanctum 3 9
end
