name Соляные шахты
size 48 18
grid
################################################
################################################
######################.....#####################
######################.....#####################
######################.....#####################
######################.....#####################
##########.............................#########
##########.............................#########
########.................................#######
########.....#####################.......#######
########.....#######.....................#######
########.....#######.....................#######
######...................................#######
######...............###.....#####.......#######
######...............###.....#####.......#######
########################.....#####.......#######
########################.....###################
################################################
objects
sign 24 4 Стены белые и мокрые. Соль скрипит под ногой.
note 10 13 salt
item 37 9 salt_lump 1
item 12 7 old_coin 1
chest 18 13 210 - salt_lump:2 antidote:2 old_coin:2
chest 39 14 260 - brine_ring:1 salt_lump:2
spawn 14 7 salt_ghoul 3 5
spawn 32 11 salt_ghoul 3 5
spawn 37 12 salt_ghoul 2 4
spawn 26 15 salt_mother 1 2
exit 24 2 mill 32 15
end
