name Святилище Нулевой точки
size 48 18
grid
################################################
################################################
##############...###############################
##############...#######...............#########
########.............###...............#########
########.............###...............#########
########.............###...............#########
########.............###.....##.##.....#########
##...........................##.##............##
##...........................##.##............##
##...........................#####............##
########.............###.....#####.....#########
########.............###...............#########
########.............###...............#########
########.............###...............#########
##############...#######...............#########
##############...###############################
################################################
objects
sign 5 9 Стены гладкие, будто их не строили, а вырастили.
sign 27 4 Здесь сходятся линии. Нулевая точка близко.
item 15 3 rune_stone 1
item 15 15 frost_shard 1
note 15 4 zero
note 35 4 seam
chest 43 9 250 - rune_stone:1 elixir_haste:1 portal_stone:1
chest 10 13 140 - antidote:2 salve:1
spawn 14 6 wraith 2 4
spawn 17 12 wraith 2 4
spawn 28 5 wraith 3 5
spawn 35 13 wraith 2 4
spawn 42 9 keeper 1 2
exit 2 9 ruins 44 9
exit 31 9 vault 3 9 key=seam_key quest=seam:1 deny=Северная грань алтаря глухая. Здесь что-то есть, но не для тебя — пока.
end
