name Гнилая топь
size 48 18
grid
################################################
#~~~~~~~~~~~~~~~~~~~~~~~~~~~~~~~~~~~~~~~~~~~~~~#
#~~~~~~~~~~~~~~~~~~~~~~~~~~~~~~~~~~~~~~~~~~~~~~#
#~~~~~~~~~~~~~~~~~~~~~~~~~~~~~~~~~~~~~~~~~~~~~~#
#~~~~~~~~~,,,,~~~~~~~~,,,,,~~~~~~~,,,,,~~~~~~~~#
#~~~~~~~~~,,,,~~~~~~~~,,=,,~~~~~~~,,,,,~~~~~~~~#
#~~~~~~~~~,,,,~~~~~~~~,,=,,~~~~~~~,,,,,~~~~~~~~#
#~~~~~~~~~,,,,~~~~~~~~,,=,,~~~~~~~,,,,,~~~~~~~~#
#~,,,,,,,,,,,,,,,,,,,,,,=,,,,,,,,,,,,,,,,,,,,,~#
#~,,,,,,,,,,,,,,,,,,,,,,=,,,,,,,,,,,,,,,,,,,,,~#
#~,,,,,,,,,,,,,,,,,,,,,,=,,,,,,,,,,,,,,,,,,,,,~#
#~~~~~~~~~,,,,~~~~~~~~,,=,,~~~~~~~,,,,,~~~~~~~~#
#~~~~~~~~~,,,,~~~~~~~~,,=,,~~~~~~~,,,,,~~~~~~~~#
#~~~~~~~~~,,,,~~~~~~~~,,=,,~~~~~~~,,,,,~~~~~~~~#
#~~~~~~~~~~,,~~~~~~~~~~,,,~~~~~~~~~~~~~~~~~~~~~#
#~~~~~~~~~~~~~~~~~~~~~~,,,~~~~~~~~~~~~~~~~~~~~~#
#~~~~~~~~~~~~~~~~~~~~~~~~~~~~~~~~~~~~~~~~~~~~~~#
################################################
objects
sign 24 11 Вода стоит и не цветёт. Под ней, где помельче, видна тёсаная мостовая.
note 12 6 bog
note 36 13 drovers
item 24 5 road_stone 1
item 36 5 bog_root 2
item 11 13 bog_root 1
chest 37 9 90 - bog_root:2 salve:2 drover_knife:1
spawn 12 9 bog_leech 3 5
spawn 36 9 bog_leech 2 4
spawn 25 12 drowned_man 2 4
spawn 24 4 bog_walker 1 2
exit 44 9 graveyard 3 9
exit 24 15 forest 44 13
end
