name Лестница вверх
size 48 18
grid
################################################
################################################
########################################.....###
######.......................................###
######....##############################.....###
######.....................................#####
#######################################....#####
######.....................................#####
######....######################################
######.....................................#####
#######################################....#####
######.....................................#####
######.....................................#####
####.........###################################
####.........###################################
####.........###################################
################################################
################################################
objects
sign 8 14 Ступеней двести двенадцать. Считаны трижды.
note 10 13 stair
item 42 3 drift_grass 1
chest 42 2 580 - stair_hood:1 still_water:1 grove_leaf:1
spawn 20 3 stair_walker 2 4
spawn 30 11 stair_walker 2 4
exit 4 14 meadow 43 6
exit 44 4 upstair 6 12
exit 6 3 edge 24 15
end
