name Схрон Ордена
size 48 18
grid
################################################
################################################
################################################
################################################
##########################...............#######
##########...........#####...............#######
##########...........#####...............#######
##########...........#####...............#######
##.............................#####..........##
##.............................#####..........##
##.............................#####..........##
##########...........#####...............#######
##########...........#####...............#######
##########...........#####...............#######
##########################...............#######
################################################
################################################
################################################
objects
sign 4 9 Воздух стоячий, но не затхлый. Здесь двести лет никто не дышал.
note 34 12 cinch
item 12 6 rune_stone 1
chest 14 12 200 - antidote:3 salve:2
chest 38 5 400 - elixir_haste:1 rune_stone:1 portal_stone:1
chest 44 9 600 - plate_armor:1 ember:1 frost_shard:1
spawn 16 9 wraith 2 4
spawn 33 6 wraith 2 4
spawn 37 12 archivist 1 2
exit 2 9 sanctum 31 6
end
