name Деревня Ольховка
size 48 18
grid
################################################
#,,,,,,,,,,,,,,,,,,,,,,,,,,,,,,,,,,,,,,,,,,,,,,#
#,,#######,,,,,,,,,,,,,,,,,,,,,,,,,#######,,,,,#
#,,#######,,,,,,,,,,,,,,,,,,,,,,,,,#######,,,,,#
#,,#######,,,,,,,,,,,,,,,,,,,,,,,,,#######,,,,,#
#,,,,,,,,,,,,,,,,,,,,,,,,,,,,,,,,,,,,,,,,,,,,,,#
#,,,,,,,,,,,,,,,,,,,,,,,,,,,,,,,,,,,,,,,,,,,,,,#
#==============================================#
#==============================================#
#,,,,,,,,,,,,,,,,,,,,,,,,,,,,,,,,,,,,,,,,,,,,,,#
#,,,,,,,,,,,,,,,,~~~~~,,,,,,,,,,,,,,,,,,,,,,,,,#
#,,#######,,,,,,,~~~~~,,,,,,,,,,,,,#######,,,,,#
#,,#######,,,,,,,~~~~~,,,,,,,,,,,,,#######,,,,,#
#,,#######,,,,,,,,,,,,,,,,,,,,,,,,,#######,,,,,#
#,,,,,,,,,,,,,,,,,,,,,,,,,,,,,,,,,,,,,,,,,,,,,,#
#,,,,,,TTT,,,,,,,,,,,,,,,,,,,,,TTT,,,,,,,,,,,,,#
#,,,,,,,,,,,,,,,,,,,,,,,,,,,,,,,,,,,,,,,,,,,,,,#
################################################
objects
npc 6 5 elder
npc 38 5 smith
npc 6 10 trader
npc 38 10 herbalist
npc 24 5 enchanter
bed 10 3
sign 12 6 Ольховка. Восточные ворота ведут в Ольховый лес.
sign 44 9 За воротами начинается лес. Волки выходят к самой тропе.
item 11 16 bread 2
item 30 16 torch 1
note 30 2 child
chest 44 3 40 - bread:2 herb_potion:1
spawn 20 15 rat 2 4
spawn 44 15 rat 1 3
exit 46 8 forest 2 8
end
