name Колодец Двух Вёдер
size 48 18
grid
################################################
#,,,,,,,,,,,,,,,,,,,,,,,,,,,,,,,,,,,,,,,,,,,,,,#
#,,,,,,,,,,,,,,,,,,,,,,,,,,,,,,,,,,,,,,,,,,,,,,#
#,,,,,,,,,,,,,,,,,,,,,,,,,,,,,,,,,,,,,,,,,,,,,,#
#,,,,,,,,,,,,,,,,,,,,,,,,,,,,,,,,,,,,,,,,,,,,,,#
#,,,,,,TTT,,,,,,,,,,,,,,,,,,,,,,,,,,,,,,,,,,,,,#
#,,,,,,,,,,,,,,,,,,,,,,,,,,,,,,,,,,,,,,,,,,,,,,#
#,,,,,,,,,,,,,,,,,,,,,#####,,,,,,,,,,,,,,,,,,,,#
#,,,,,,,,,,,,,,,,,,,,,#####,,,,,,,,,,,,,,,,,,,,#
#,,,,,,,,,,,,,,,,,,,,,#####,,,,,,,,,,,,,,,,,,,,#
#,,,,,,,,,,,,,,,,,,,,,##.##,,,,,,,,,,,,,,,,,,,,#
#,,,,,,,,,,,,,,,,,,,,,,,,,,,,,,,,,,,,,,,,,,,,,,#
#,,,,,,,,,,,,,,,,,,,,,,,,,,,,,,,,,,,,,TTTT,,,,,#
#,,,,,,,,,,,,,,,,,,,,,,,,,,,,,,,,,,,,,,,,,,,,,,#
#,,,,,,,,,,,,,,,,,,,,,,,,,,,,,,,,,,,,,,,,,,,,,,#
#,,,,,,,,,,,,,,,,,,,,,,,,,,,,,,,,,,,,,,,,,,,,,,#
#,,,,,,,,,,,,,,,,,,,,,,,,,,,,,,,,,,,,,,,,,,,,,,#
################################################
objects
sign 24 11 Ворот один, вёдер два. Второе холоднее.
note 20 6 wellrule
item 42 4 still_water 1
chest 6 13 560 - still_water:2 drift_grass:2 antidote:2
spawn 12 9 second_bucket 1 2
spawn 36 7 drift_hare 2 4
exit 45 5 farhouse 3 14
exit 3 8 grove 44 9
end
