name Точка Ноль
size 48 18
grid
################################################
################################################
################################################
##########.............................#########
##########.............................#########
##########.............................#########
##########.............................#########
##########.............###.............#########
##########.............###.............#########
##########.............###.............#########
##########.............................#########
##########.............................#########
##########.............................#########
##########.............................#########
######################.....#####################
######################.....#####################
######################.....#####################
################################################
objects
sign 24 12 До всего отсюда ноль шагов. Поэтому здесь ничего и нет.
note 12 4 allatonce
item 36 4 line_dust 2
chest 36 12 900 - zero_shield:1 cinch_draught:3 portal_stone:1
spawn 14 9 zero_echo 2 4
spawn 34 9 zero_echo 2 4
spawn 24 4 all_at_once 1 2
exit 24 15 cinchheart 5 9
exit 10 8 finale 24 15 key=measure deny=Ход в развязку есть, и до него ноль шагов, и пройти его нечем. Нужна мера.
end
